Archive member included to satisfy reference by file (symbol)

c:/program files (x86)/atmel/studio/7.0/toolchain/avr8/avr8-gnu-toolchain/bin/../lib/gcc/avr/5.4.0/avr5\libgcc.a(_exit.o)
                              C:/Program Files (x86)/Atmel/Studio/7.0/Packs/atmel/ATmega_DFP/1.7.374/gcc/dev/atmega32/avr5/crtatmega32.o (exit)
c:/program files (x86)/atmel/studio/7.0/toolchain/avr8/avr8-gnu-toolchain/bin/../lib/gcc/avr/5.4.0/avr5\libgcc.a(_clear_bss.o)
                              APP/APP.o (__do_clear_bss)

Discarded input sections

 .data          0x00000000        0x0 C:/Program Files (x86)/Atmel/Studio/7.0/Packs/atmel/ATmega_DFP/1.7.374/gcc/dev/atmega32/avr5/crtatmega32.o
 .bss           0x00000000        0x0 C:/Program Files (x86)/Atmel/Studio/7.0/Packs/atmel/ATmega_DFP/1.7.374/gcc/dev/atmega32/avr5/crtatmega32.o
 .text          0x00000000        0x0 APP/APP.o
 .data          0x00000000        0x0 APP/APP.o
 .bss           0x00000000        0x0 APP/APP.o
 .text.APP_INIT
                0x00000000       0x54 APP/APP.o
 .text.APP_Start
                0x00000000        0x6 APP/APP.o
 .text          0x00000000        0x0 APP/application.o
 .data          0x00000000        0x0 APP/application.o
 .bss           0x00000000        0x0 APP/application.o
 .text.Flaching
                0x00000000       0x18 APP/application.o
 .text.Shift_Left
                0x00000000       0x2a APP/application.o
 .text.Shift_Right
                0x00000000       0x38 APP/application.o
 .text.Converging
                0x00000000       0x50 APP/application.o
 .text.Diverging
                0x00000000       0x50 APP/application.o
 .text.Pingpong
                0x00000000       0x68 APP/application.o
 .text.Snake    0x00000000       0x48 APP/application.o
 .text          0x00000000        0x0 HAL/BUTTON/BUTTON.o
 .data          0x00000000        0x0 HAL/BUTTON/BUTTON.o
 .bss           0x00000000        0x0 HAL/BUTTON/BUTTON.o
 .text.BUTTON_INIT
                0x00000000        0x8 HAL/BUTTON/BUTTON.o
 .text          0x00000000        0x0 HAL/LED/LED.o
 .data          0x00000000        0x0 HAL/LED/LED.o
 .bss           0x00000000        0x0 HAL/LED/LED.o
 .text.LED_INIT
                0x00000000        0x8 HAL/LED/LED.o
 .text.LED_ON_Port
                0x00000000        0x8 HAL/LED/LED.o
 .text.LED_OFF_Port
                0x00000000        0x8 HAL/LED/LED.o
 .text.LED_TOGGLE_Port
                0x00000000        0x6 HAL/LED/LED.o
 .text          0x00000000        0x0 main.o
 .data          0x00000000        0x0 main.o
 .bss           0x00000000        0x0 main.o
 .text          0x00000000        0x0 MCAL/DIO_DRIVER/DIO.o
 .data          0x00000000        0x0 MCAL/DIO_DRIVER/DIO.o
 .bss           0x00000000        0x0 MCAL/DIO_DRIVER/DIO.o
 .text.DIO_SetPortValue_v
                0x00000000       0x60 MCAL/DIO_DRIVER/DIO.o
 .text.DIO_TogglePort_v
                0x00000000       0x30 MCAL/DIO_DRIVER/DIO.o
 .text.DIO_SetPinDirection_v
                0x00000000       0xe0 MCAL/DIO_DRIVER/DIO.o
 .text          0x00000000        0x0 MCAL/INTERRUPT_DRIVER/EXTI.o
 .data          0x00000000        0x0 MCAL/INTERRUPT_DRIVER/EXTI.o
 .bss           0x00000000        0x0 MCAL/INTERRUPT_DRIVER/EXTI.o
 .text.EXTI_EnableGlobal
                0x00000000        0x8 MCAL/INTERRUPT_DRIVER/EXTI.o
 .text.EXTI_DisableGlobal
                0x00000000        0x8 MCAL/INTERRUPT_DRIVER/EXTI.o
 .text.EXTI_ENABLE
                0x00000000       0x24 MCAL/INTERRUPT_DRIVER/EXTI.o
 .text.EXTI_DISABLE
                0x00000000       0x24 MCAL/INTERRUPT_DRIVER/EXTI.o
 .text.EXTI_TriggerEdge
                0x00000000       0xbe MCAL/INTERRUPT_DRIVER/EXTI.o
 .text.EXI_SetCallBack
                0x00000000       0x1e MCAL/INTERRUPT_DRIVER/EXTI.o
 .text          0x00000000        0x0 MCAL/TIMER__DRIVER/TIMER.o
 .data          0x00000000        0x0 MCAL/TIMER__DRIVER/TIMER.o
 .bss           0x00000000        0x0 MCAL/TIMER__DRIVER/TIMER.o
 .text.TIMER0_OV_Interrupt_ENABLE
                0x00000000        0x8 MCAL/TIMER__DRIVER/TIMER.o
 .text.TIMER0_OV_Interrupt_DISABLE
                0x00000000        0x8 MCAL/TIMER__DRIVER/TIMER.o
 .text.TIMER0_OC_Interrupt_ENABLE
                0x00000000        0x8 MCAL/TIMER__DRIVER/TIMER.o
 .text.TIMER0_OC_Interrupt_DISABLE
                0x00000000        0x8 MCAL/TIMER__DRIVER/TIMER.o
 .text.TIMER0_delay_1s
                0x00000000       0x34 MCAL/TIMER__DRIVER/TIMER.o
 .text          0x00000000        0x0 c:/program files (x86)/atmel/studio/7.0/toolchain/avr8/avr8-gnu-toolchain/bin/../lib/gcc/avr/5.4.0/avr5\libgcc.a(_exit.o)
 .data          0x00000000        0x0 c:/program files (x86)/atmel/studio/7.0/toolchain/avr8/avr8-gnu-toolchain/bin/../lib/gcc/avr/5.4.0/avr5\libgcc.a(_exit.o)
 .bss           0x00000000        0x0 c:/program files (x86)/atmel/studio/7.0/toolchain/avr8/avr8-gnu-toolchain/bin/../lib/gcc/avr/5.4.0/avr5\libgcc.a(_exit.o)
 .text.libgcc.mul
                0x00000000        0x0 c:/program files (x86)/atmel/studio/7.0/toolchain/avr8/avr8-gnu-toolchain/bin/../lib/gcc/avr/5.4.0/avr5\libgcc.a(_exit.o)
 .text.libgcc.div
                0x00000000        0x0 c:/program files (x86)/atmel/studio/7.0/toolchain/avr8/avr8-gnu-toolchain/bin/../lib/gcc/avr/5.4.0/avr5\libgcc.a(_exit.o)
 .text.libgcc   0x00000000        0x0 c:/program files (x86)/atmel/studio/7.0/toolchain/avr8/avr8-gnu-toolchain/bin/../lib/gcc/avr/5.4.0/avr5\libgcc.a(_exit.o)
 .text.libgcc.prologue
                0x00000000        0x0 c:/program files (x86)/atmel/studio/7.0/toolchain/avr8/avr8-gnu-toolchain/bin/../lib/gcc/avr/5.4.0/avr5\libgcc.a(_exit.o)
 .text.libgcc.builtins
                0x00000000        0x0 c:/program files (x86)/atmel/studio/7.0/toolchain/avr8/avr8-gnu-toolchain/bin/../lib/gcc/avr/5.4.0/avr5\libgcc.a(_exit.o)
 .text.libgcc.fmul
                0x00000000        0x0 c:/program files (x86)/atmel/studio/7.0/toolchain/avr8/avr8-gnu-toolchain/bin/../lib/gcc/avr/5.4.0/avr5\libgcc.a(_exit.o)
 .text.libgcc.fixed
                0x00000000        0x0 c:/program files (x86)/atmel/studio/7.0/toolchain/avr8/avr8-gnu-toolchain/bin/../lib/gcc/avr/5.4.0/avr5\libgcc.a(_exit.o)
 .text          0x00000000        0x0 c:/program files (x86)/atmel/studio/7.0/toolchain/avr8/avr8-gnu-toolchain/bin/../lib/gcc/avr/5.4.0/avr5\libgcc.a(_clear_bss.o)
 .data          0x00000000        0x0 c:/program files (x86)/atmel/studio/7.0/toolchain/avr8/avr8-gnu-toolchain/bin/../lib/gcc/avr/5.4.0/avr5\libgcc.a(_clear_bss.o)
 .bss           0x00000000        0x0 c:/program files (x86)/atmel/studio/7.0/toolchain/avr8/avr8-gnu-toolchain/bin/../lib/gcc/avr/5.4.0/avr5\libgcc.a(_clear_bss.o)
 .text.libgcc.mul
                0x00000000        0x0 c:/program files (x86)/atmel/studio/7.0/toolchain/avr8/avr8-gnu-toolchain/bin/../lib/gcc/avr/5.4.0/avr5\libgcc.a(_clear_bss.o)
 .text.libgcc.div
                0x00000000        0x0 c:/program files (x86)/atmel/studio/7.0/toolchain/avr8/avr8-gnu-toolchain/bin/../lib/gcc/avr/5.4.0/avr5\libgcc.a(_clear_bss.o)
 .text.libgcc   0x00000000        0x0 c:/program files (x86)/atmel/studio/7.0/toolchain/avr8/avr8-gnu-toolchain/bin/../lib/gcc/avr/5.4.0/avr5\libgcc.a(_clear_bss.o)
 .text.libgcc.prologue
                0x00000000        0x0 c:/program files (x86)/atmel/studio/7.0/toolchain/avr8/avr8-gnu-toolchain/bin/../lib/gcc/avr/5.4.0/avr5\libgcc.a(_clear_bss.o)
 .text.libgcc.builtins
                0x00000000        0x0 c:/program files (x86)/atmel/studio/7.0/toolchain/avr8/avr8-gnu-toolchain/bin/../lib/gcc/avr/5.4.0/avr5\libgcc.a(_clear_bss.o)
 .text.libgcc.fmul
                0x00000000        0x0 c:/program files (x86)/atmel/studio/7.0/toolchain/avr8/avr8-gnu-toolchain/bin/../lib/gcc/avr/5.4.0/avr5\libgcc.a(_clear_bss.o)
 .text.libgcc.fixed
                0x00000000        0x0 c:/program files (x86)/atmel/studio/7.0/toolchain/avr8/avr8-gnu-toolchain/bin/../lib/gcc/avr/5.4.0/avr5\libgcc.a(_clear_bss.o)

Memory Configuration

Name             Origin             Length             Attributes
text             0x00000000         0x00008000         xr
data             0x00800060         0x00000800         rw !x
eeprom           0x00810000         0x00000400         rw !x
fuse             0x00820000         0x00000002         rw !x
lock             0x00830000         0x00000400         rw !x
signature        0x00840000         0x00000400         rw !x
user_signatures  0x00850000         0x00000400         rw !x
*default*        0x00000000         0xffffffff

Linker script and memory map

LOAD C:/Program Files (x86)/Atmel/Studio/7.0/Packs/atmel/ATmega_DFP/1.7.374/gcc/dev/atmega32/avr5/crtatmega32.o
LOAD APP/APP.o
LOAD APP/application.o
LOAD HAL/BUTTON/BUTTON.o
LOAD HAL/LED/LED.o
LOAD main.o
LOAD MCAL/DIO_DRIVER/DIO.o
LOAD MCAL/INTERRUPT_DRIVER/EXTI.o
LOAD MCAL/TIMER__DRIVER/TIMER.o
START GROUP
LOAD c:/program files (x86)/atmel/studio/7.0/toolchain/avr8/avr8-gnu-toolchain/bin/../lib/gcc/avr/5.4.0/../../../../avr/lib/avr5\libm.a
END GROUP
START GROUP
LOAD c:/program files (x86)/atmel/studio/7.0/toolchain/avr8/avr8-gnu-toolchain/bin/../lib/gcc/avr/5.4.0/avr5\libgcc.a
LOAD c:/program files (x86)/atmel/studio/7.0/toolchain/avr8/avr8-gnu-toolchain/bin/../lib/gcc/avr/5.4.0/../../../../avr/lib/avr5\libm.a
LOAD c:/program files (x86)/atmel/studio/7.0/toolchain/avr8/avr8-gnu-toolchain/bin/../lib/gcc/avr/5.4.0/../../../../avr/lib/avr5\libc.a
LOAD C:/Program Files (x86)/Atmel/Studio/7.0/Packs/atmel/ATmega_DFP/1.7.374/gcc/dev/atmega32/avr5\libatmega32.a
END GROUP
                0x00000000                __TEXT_REGION_ORIGIN__ = DEFINED (__TEXT_REGION_ORIGIN__)?__TEXT_REGION_ORIGIN__:0x0
                [0x00800060]                __DATA_REGION_ORIGIN__ = DEFINED (__DATA_REGION_ORIGIN__)?__DATA_REGION_ORIGIN__:0x800060
                [0x00008000]                __TEXT_REGION_LENGTH__ = DEFINED (__TEXT_REGION_LENGTH__)?__TEXT_REGION_LENGTH__:0x20000
                [0x00000800]                __DATA_REGION_LENGTH__ = DEFINED (__DATA_REGION_LENGTH__)?__DATA_REGION_LENGTH__:0xffa0
                [0x00000400]                __EEPROM_REGION_LENGTH__ = DEFINED (__EEPROM_REGION_LENGTH__)?__EEPROM_REGION_LENGTH__:0x10000
                [0x00000002]                __FUSE_REGION_LENGTH__ = DEFINED (__FUSE_REGION_LENGTH__)?__FUSE_REGION_LENGTH__:0x400
                0x00000400                __LOCK_REGION_LENGTH__ = DEFINED (__LOCK_REGION_LENGTH__)?__LOCK_REGION_LENGTH__:0x400
                0x00000400                __SIGNATURE_REGION_LENGTH__ = DEFINED (__SIGNATURE_REGION_LENGTH__)?__SIGNATURE_REGION_LENGTH__:0x400
                0x00000400                __USER_SIGNATURE_REGION_LENGTH__ = DEFINED (__USER_SIGNATURE_REGION_LENGTH__)?__USER_SIGNATURE_REGION_LENGTH__:0x400

.hash
 *(.hash)

.dynsym
 *(.dynsym)

.dynstr
 *(.dynstr)

.gnu.version
 *(.gnu.version)

.gnu.version_d
 *(.gnu.version_d)

.gnu.version_r
 *(.gnu.version_r)

.rel.init
 *(.rel.init)

.rela.init
 *(.rela.init)

.rel.text
 *(.rel.text)
 *(.rel.text.*)
 *(.rel.gnu.linkonce.t*)

.rela.text
 *(.rela.text)
 *(.rela.text.*)
 *(.rela.gnu.linkonce.t*)

.rel.fini
 *(.rel.fini)

.rela.fini
 *(.rela.fini)

.rel.rodata
 *(.rel.rodata)
 *(.rel.rodata.*)
 *(.rel.gnu.linkonce.r*)

.rela.rodata
 *(.rela.rodata)
 *(.rela.rodata.*)
 *(.rela.gnu.linkonce.r*)

.rel.data
 *(.rel.data)
 *(.rel.data.*)
 *(.rel.gnu.linkonce.d*)

.rela.data
 *(.rela.data)
 *(.rela.data.*)
 *(.rela.gnu.linkonce.d*)

.rel.ctors
 *(.rel.ctors)

.rela.ctors
 *(.rela.ctors)

.rel.dtors
 *(.rel.dtors)

.rela.dtors
 *(.rela.dtors)

.rel.got
 *(.rel.got)

.rela.got
 *(.rela.got)

.rel.bss
 *(.rel.bss)

.rela.bss
 *(.rela.bss)

.rel.plt
 *(.rel.plt)

.rela.plt
 *(.rela.plt)

.text           0x00000000      0x6f4
 *(.vectors)
 .vectors       0x00000000       0x54 C:/Program Files (x86)/Atmel/Studio/7.0/Packs/atmel/ATmega_DFP/1.7.374/gcc/dev/atmega32/avr5/crtatmega32.o
                0x00000000                __vector_default
                0x00000000                __vectors
 *(.vectors)
 *(.progmem.gcc*)
                0x00000054                . = ALIGN (0x2)
                0x00000054                __trampolines_start = .
 *(.trampolines)
 .trampolines   0x00000054        0x0 linker stubs
 *(.trampolines*)
                0x00000054                __trampolines_end = .
 *libprintf_flt.a:*(.progmem.data)
 *libc.a:*(.progmem.data)
 *(.progmem*)
                0x00000054                . = ALIGN (0x2)
 *(.jumptables)
 *(.jumptables*)
 *(.lowtext)
 *(.lowtext*)
                0x00000054                __ctors_start = .
 *(.ctors)
                0x00000054                __ctors_end = .
                0x00000054                __dtors_start = .
 *(.dtors)
                0x00000054                __dtors_end = .
 SORT(*)(.ctors)
 SORT(*)(.dtors)
 *(.init0)
 .init0         0x00000054        0x0 C:/Program Files (x86)/Atmel/Studio/7.0/Packs/atmel/ATmega_DFP/1.7.374/gcc/dev/atmega32/avr5/crtatmega32.o
                0x00000054                __init
 *(.init0)
 *(.init1)
 *(.init1)
 *(.init2)
 .init2         0x00000054        0xc C:/Program Files (x86)/Atmel/Studio/7.0/Packs/atmel/ATmega_DFP/1.7.374/gcc/dev/atmega32/avr5/crtatmega32.o
 *(.init2)
 *(.init3)
 *(.init3)
 *(.init4)
 .init4         0x00000060       0x10 c:/program files (x86)/atmel/studio/7.0/toolchain/avr8/avr8-gnu-toolchain/bin/../lib/gcc/avr/5.4.0/avr5\libgcc.a(_clear_bss.o)
                0x00000060                __do_clear_bss
 *(.init4)
 *(.init5)
 *(.init5)
 *(.init6)
 *(.init6)
 *(.init7)
 *(.init7)
 *(.init8)
 *(.init8)
 *(.init9)
 .init9         0x00000070        0x8 C:/Program Files (x86)/Atmel/Studio/7.0/Packs/atmel/ATmega_DFP/1.7.374/gcc/dev/atmega32/avr5/crtatmega32.o
 *(.init9)
 *(.text)
 .text          0x00000078        0x4 C:/Program Files (x86)/Atmel/Studio/7.0/Packs/atmel/ATmega_DFP/1.7.374/gcc/dev/atmega32/avr5/crtatmega32.o
                0x00000078                __vector_12
                0x00000078                __bad_interrupt
                0x00000078                __vector_6
                0x00000078                __vector_11
                0x00000078                __vector_13
                0x00000078                __vector_17
                0x00000078                __vector_19
                0x00000078                __vector_7
                0x00000078                __vector_5
                0x00000078                __vector_4
                0x00000078                __vector_9
                0x00000078                __vector_15
                0x00000078                __vector_8
                0x00000078                __vector_14
                0x00000078                __vector_10
                0x00000078                __vector_16
                0x00000078                __vector_18
                0x00000078                __vector_20
                0x0000007c                . = ALIGN (0x2)
 *(.text.*)
 .text.Normal_mode
                0x0000007c       0x72 APP/APP.o
                0x0000007c                Normal_mode
 .text.Pedestrian_mode
                0x000000ee      0x108 APP/APP.o
                0x000000ee                Pedestrian_mode
 .text.__vector_1
                0x000001f6       0x58 APP/APP.o
                0x000001f6                __vector_1
 .text.App_Init
                0x0000024e        0x6 APP/application.o
                0x0000024e                App_Init
 .text.Converging_Diverging
                0x00000254       0xb0 APP/application.o
                0x00000254                Converging_Diverging
 .text.BUTTON_READ
                0x00000304        0x6 HAL/BUTTON/BUTTON.o
                0x00000304                BUTTON_READ
 .text.LED_ON   0x0000030a        0x8 HAL/LED/LED.o
                0x0000030a                LED_ON
 .text.LED_OFF  0x00000312        0x8 HAL/LED/LED.o
                0x00000312                LED_OFF
 .text.LED_TOGGLE
                0x0000031a        0x6 HAL/LED/LED.o
                0x0000031a                LED_TOGGLE
 .text.LED_INIT_Port
                0x00000320        0x8 HAL/LED/LED.o
                0x00000320                LED_INIT_Port
 .text.main     0x00000328        0xe main.o
                0x00000328                main
 .text.DIO_SetPortDirection_v
                0x00000336       0x60 MCAL/DIO_DRIVER/DIO.o
                0x00000336                DIO_SetPortDirection_v
 .text.DIO_SetPinValue_v
                0x00000396       0xe0 MCAL/DIO_DRIVER/DIO.o
                0x00000396                DIO_SetPinValue_v
 .text.DIO_GetPinValue_int
                0x00000476       0x5c MCAL/DIO_DRIVER/DIO.o
                0x00000476                DIO_GetPinValue_int
 .text.DIO_TogglePin_v
                0x000004d2       0x68 MCAL/DIO_DRIVER/DIO.o
                0x000004d2                DIO_TogglePin_v
 .text.__vector_2
                0x0000053a       0x52 MCAL/INTERRUPT_DRIVER/EXTI.o
                0x0000053a                __vector_2
 .text.__vector_3
                0x0000058c       0x52 MCAL/INTERRUPT_DRIVER/EXTI.o
                0x0000058c                __vector_3
 .text.TIMER0_INIT
                0x000005de       0xa6 MCAL/TIMER__DRIVER/TIMER.o
                0x000005de                TIMER0_INIT
 .text.TIMER_0_set_init_value
                0x00000684        0x4 MCAL/TIMER__DRIVER/TIMER.o
                0x00000684                TIMER_0_set_init_value
 .text.TIMER0_Stop
                0x00000688        0x4 MCAL/TIMER__DRIVER/TIMER.o
                0x00000688                TIMER0_Stop
 .text.TIMER0_delay_5s
                0x0000068c       0x34 MCAL/TIMER__DRIVER/TIMER.o
                0x0000068c                TIMER0_delay_5s
 .text.TIMER0_delay_250ms
                0x000006c0       0x30 MCAL/TIMER__DRIVER/TIMER.o
                0x000006c0                TIMER0_delay_250ms
                0x000006f0                . = ALIGN (0x2)
 *(.fini9)
 .fini9         0x000006f0        0x0 c:/program files (x86)/atmel/studio/7.0/toolchain/avr8/avr8-gnu-toolchain/bin/../lib/gcc/avr/5.4.0/avr5\libgcc.a(_exit.o)
                0x000006f0                _exit
                0x000006f0                exit
 *(.fini9)
 *(.fini8)
 *(.fini8)
 *(.fini7)
 *(.fini7)
 *(.fini6)
 *(.fini6)
 *(.fini5)
 *(.fini5)
 *(.fini4)
 *(.fini4)
 *(.fini3)
 *(.fini3)
 *(.fini2)
 *(.fini2)
 *(.fini1)
 *(.fini1)
 *(.fini0)
 .fini0         0x000006f0        0x4 c:/program files (x86)/atmel/studio/7.0/toolchain/avr8/avr8-gnu-toolchain/bin/../lib/gcc/avr/5.4.0/avr5\libgcc.a(_exit.o)
 *(.fini0)
                0x000006f4                _etext = .

.data           0x00800060        0x0 load address 0x000006f4
                [!provide]                PROVIDE (__data_start, .)
 *(.data)
 *(.data*)
 *(.gnu.linkonce.d*)
 *(.rodata)
 *(.rodata*)
 *(.gnu.linkonce.r*)
                0x00800060                . = ALIGN (0x2)
                0x00800060                _edata = .
                [!provide]                PROVIDE (__data_end, .)

.bss            0x00800060        0x5
                0x00800060                PROVIDE (__bss_start, .)
 *(.bss)
 *(.bss*)
 .bss.i         0x00800060        0x1 APP/APP.o
                0x00800060                i
 .bss.INT2_Fptr
                0x00800061        0x2 MCAL/INTERRUPT_DRIVER/EXTI.o
 .bss.INT1_Fptr
                0x00800063        0x2 MCAL/INTERRUPT_DRIVER/EXTI.o
 *(COMMON)
                0x00800065                PROVIDE (__bss_end, .)
                0x000006f4                __data_load_start = LOADADDR (.data)
                0x000006f4                __data_load_end = (__data_load_start + SIZEOF (.data))

.noinit         0x00800065        0x0
                [!provide]                PROVIDE (__noinit_start, .)
 *(.noinit*)
                [!provide]                PROVIDE (__noinit_end, .)
                0x00800065                _end = .
                [!provide]                PROVIDE (__heap_start, .)

.eeprom         0x00810000        0x0
 *(.eeprom*)
                0x00810000                __eeprom_end = .

.fuse
 *(.fuse)
 *(.lfuse)
 *(.hfuse)
 *(.efuse)

.lock
 *(.lock*)

.signature
 *(.signature*)

.user_signatures
 *(.user_signatures*)

.stab
 *(.stab)

.stabstr
 *(.stabstr)

.stab.excl
 *(.stab.excl)

.stab.exclstr
 *(.stab.exclstr)

.stab.index
 *(.stab.index)

.stab.indexstr
 *(.stab.indexstr)

.comment        0x00000000       0x30
 *(.comment)
 .comment       0x00000000       0x30 APP/APP.o
                                 0x31 (size before relaxing)
 .comment       0x00000030       0x31 APP/application.o
 .comment       0x00000030       0x31 HAL/BUTTON/BUTTON.o
 .comment       0x00000030       0x31 HAL/LED/LED.o
 .comment       0x00000030       0x31 main.o
 .comment       0x00000030       0x31 MCAL/DIO_DRIVER/DIO.o
 .comment       0x00000030       0x31 MCAL/INTERRUPT_DRIVER/EXTI.o
 .comment       0x00000030       0x31 MCAL/TIMER__DRIVER/TIMER.o

.note.gnu.avr.deviceinfo
                0x00000000       0x3c
 .note.gnu.avr.deviceinfo
                0x00000000       0x3c C:/Program Files (x86)/Atmel/Studio/7.0/Packs/atmel/ATmega_DFP/1.7.374/gcc/dev/atmega32/avr5/crtatmega32.o

.note.gnu.build-id
 *(.note.gnu.build-id)

.debug
 *(.debug)

.line
 *(.line)

.debug_srcinfo
 *(.debug_srcinfo)

.debug_sfnames
 *(.debug_sfnames)

.debug_aranges  0x00000000      0x250
 *(.debug_aranges)
 .debug_aranges
                0x00000000       0x40 APP/APP.o
 .debug_aranges
                0x00000040       0x60 APP/application.o
 .debug_aranges
                0x000000a0       0x28 HAL/BUTTON/BUTTON.o
 .debug_aranges
                0x000000c8       0x58 HAL/LED/LED.o
 .debug_aranges
                0x00000120       0x20 main.o
 .debug_aranges
                0x00000140       0x50 MCAL/DIO_DRIVER/DIO.o
 .debug_aranges
                0x00000190       0x58 MCAL/INTERRUPT_DRIVER/EXTI.o
 .debug_aranges
                0x000001e8       0x68 MCAL/TIMER__DRIVER/TIMER.o

.debug_pubnames
 *(.debug_pubnames)

.debug_info     0x00000000     0x2361
 *(.debug_info .gnu.linkonce.wi.*)
 .debug_info    0x00000000      0x4e6 C:/Program Files (x86)/Atmel/Studio/7.0/Packs/atmel/ATmega_DFP/1.7.374/gcc/dev/atmega32/avr5/crtatmega32.o
 .debug_info    0x000004e6      0x702 APP/APP.o
 .debug_info    0x00000be8      0x917 APP/application.o
 .debug_info    0x000014ff      0x1e8 HAL/BUTTON/BUTTON.o
 .debug_info    0x000016e7      0x39a HAL/LED/LED.o
 .debug_info    0x00001a81       0xf1 main.o
 .debug_info    0x00001b72      0x2bc MCAL/DIO_DRIVER/DIO.o
 .debug_info    0x00001e2e      0x209 MCAL/INTERRUPT_DRIVER/EXTI.o
 .debug_info    0x00002037      0x32a MCAL/TIMER__DRIVER/TIMER.o

.debug_abbrev   0x00000000      0xb89
 *(.debug_abbrev)
 .debug_abbrev  0x00000000      0x4a3 C:/Program Files (x86)/Atmel/Studio/7.0/Packs/atmel/ATmega_DFP/1.7.374/gcc/dev/atmega32/avr5/crtatmega32.o
 .debug_abbrev  0x000004a3       0xd3 APP/APP.o
 .debug_abbrev  0x00000576      0x184 APP/application.o
 .debug_abbrev  0x000006fa       0xc3 HAL/BUTTON/BUTTON.o
 .debug_abbrev  0x000007bd       0xa1 HAL/LED/LED.o
 .debug_abbrev  0x0000085e       0x99 main.o
 .debug_abbrev  0x000008f7       0xca MCAL/DIO_DRIVER/DIO.o
 .debug_abbrev  0x000009c1       0xd8 MCAL/INTERRUPT_DRIVER/EXTI.o
 .debug_abbrev  0x00000a99       0xf0 MCAL/TIMER__DRIVER/TIMER.o

.debug_line     0x00000000     0x123b
 *(.debug_line .debug_line.* .debug_line_end)
 .debug_line    0x00000000      0x116 C:/Program Files (x86)/Atmel/Studio/7.0/Packs/atmel/ATmega_DFP/1.7.374/gcc/dev/atmega32/avr5/crtatmega32.o
 .debug_line    0x00000116      0x310 APP/APP.o
 .debug_line    0x00000426      0x485 APP/application.o
 .debug_line    0x000008ab       0xc5 HAL/BUTTON/BUTTON.o
 .debug_line    0x00000970      0x108 HAL/LED/LED.o
 .debug_line    0x00000a78       0x96 main.o
 .debug_line    0x00000b0e      0x264 MCAL/DIO_DRIVER/DIO.o
 .debug_line    0x00000d72      0x233 MCAL/INTERRUPT_DRIVER/EXTI.o
 .debug_line    0x00000fa5      0x296 MCAL/TIMER__DRIVER/TIMER.o

.debug_frame    0x00000000      0x4e0
 *(.debug_frame)
 .debug_frame   0x00000000       0xac APP/APP.o
 .debug_frame   0x000000ac       0xec APP/application.o
 .debug_frame   0x00000198       0x34 HAL/BUTTON/BUTTON.o
 .debug_frame   0x000001cc       0x94 HAL/LED/LED.o
 .debug_frame   0x00000260       0x24 main.o
 .debug_frame   0x00000284       0x84 MCAL/DIO_DRIVER/DIO.o
 .debug_frame   0x00000308      0x124 MCAL/INTERRUPT_DRIVER/EXTI.o
 .debug_frame   0x0000042c       0xb4 MCAL/TIMER__DRIVER/TIMER.o

.debug_str      0x00000000      0x98f
 *(.debug_str)
 .debug_str     0x00000000      0x196 C:/Program Files (x86)/Atmel/Studio/7.0/Packs/atmel/ATmega_DFP/1.7.374/gcc/dev/atmega32/avr5/crtatmega32.o
 .debug_str     0x00000196      0x3c4 APP/APP.o
                                0x3f7 (size before relaxing)
 .debug_str     0x0000055a      0x11a APP/application.o
                                0x29c (size before relaxing)
 .debug_str     0x00000674       0x6f HAL/BUTTON/BUTTON.o
                                0x23e (size before relaxing)
 .debug_str     0x000006e3       0x7a HAL/LED/LED.o
                                0x296 (size before relaxing)
 .debug_str     0x0000075d       0x11 main.o
                                0x1b7 (size before relaxing)
 .debug_str     0x0000076e       0x44 MCAL/DIO_DRIVER/DIO.o
                                0x28f (size before relaxing)
 .debug_str     0x000007b2       0xd8 MCAL/INTERRUPT_DRIVER/EXTI.o
                                0x285 (size before relaxing)
 .debug_str     0x0000088a      0x105 MCAL/TIMER__DRIVER/TIMER.o
                                0x3ae (size before relaxing)

.debug_loc      0x00000000     0x13e7
 *(.debug_loc)
 .debug_loc     0x00000000       0xcb APP/APP.o
 .debug_loc     0x000000cb      0x761 APP/application.o
 .debug_loc     0x0000082c       0xa3 HAL/BUTTON/BUTTON.o
 .debug_loc     0x000008cf      0x18c HAL/LED/LED.o
 .debug_loc     0x00000a5b      0x518 MCAL/DIO_DRIVER/DIO.o
 .debug_loc     0x00000f73      0x357 MCAL/INTERRUPT_DRIVER/EXTI.o
 .debug_loc     0x000012ca      0x11d MCAL/TIMER__DRIVER/TIMER.o

.debug_macinfo
 *(.debug_macinfo)

.debug_weaknames
 *(.debug_weaknames)

.debug_funcnames
 *(.debug_funcnames)

.debug_typenames
 *(.debug_typenames)

.debug_varnames
 *(.debug_varnames)

.debug_pubtypes
 *(.debug_pubtypes)

.debug_ranges   0x00000000      0x1d0
 *(.debug_ranges)
 .debug_ranges  0x00000000       0x30 APP/APP.o
 .debug_ranges  0x00000030       0x50 APP/application.o
 .debug_ranges  0x00000080       0x18 HAL/BUTTON/BUTTON.o
 .debug_ranges  0x00000098       0x48 HAL/LED/LED.o
 .debug_ranges  0x000000e0       0x10 main.o
 .debug_ranges  0x000000f0       0x40 MCAL/DIO_DRIVER/DIO.o
 .debug_ranges  0x00000130       0x48 MCAL/INTERRUPT_DRIVER/EXTI.o
 .debug_ranges  0x00000178       0x58 MCAL/TIMER__DRIVER/TIMER.o

.debug_macro
 *(.debug_macro)
OUTPUT(project2.elf elf32-avr)
LOAD linker stubs
